exports[`test renders correctly 1`] = `
<div
  className="sidebar"
  id="sidebar"
  role="navigation">
  <div
    className="js-sidebar-content">
    <header
      className="logo hidden-sm-down">
      <a
        href="#">
        Reacto
      </a>
    </header>
    <ul
      className="sidebar-nav">
      <li
        className="active">
        <a
          className="collapsed"
          data-parent="#sidebar"
          data-toggle="collapse"
          href="#sidebar-Data">
          <span
            className="icon">
            <i
              className="glyphicon glyphicon-hdd" />
          </span>
          Data
          <i
            className="toggle fa fa-angle-down" />
        </a>
        <ul
          className="collapse"
          id="sidebar-Data">
          <li>
            <a
              onClick={[Function]}
              style={Object {}}>
              People
            </a>
          </li>
          <li>
            <a
              onClick={[Function]}
              style={Object {}}>
              Schools
            </a>
          </li>
          <li>
            <a
              onClick={[Function]}
              style={Object {}}>
              School years
            </a>
          </li>
          <li>
            <a
              onClick={[Function]}
              style={Object {}}>
              Enrollment
            </a>
          </li>
        </ul>
      </li>
      <li
        className="">
        <a
          className="collapsed"
          data-parent="#sidebar"
          data-toggle="collapse"
          href="#sidebar-Clients">
          <span
            className="icon">
            <i
              className="glyphicon glyphicon-link" />
          </span>
          Clients
          <i
            className="toggle fa fa-angle-down" />
        </a>
        <ul
          className="collapse"
          id="sidebar-Clients">
          <li>
            <a
              onClick={[Function]}
              style={Object {}}>
              Browse
            </a>
          </li>
          <li>
            <a
              onClick={[Function]}
              style={Object {}}>
              Subscriptions
            </a>
          </li>
          <li>
            <a
              onClick={[Function]}
              style={Object {}}>
              Options
            </a>
          </li>
        </ul>
      </li>
    </ul>
  </div>
</div>
`;
